JC_counter: 10 samples
LFSR: 10 samples
LIFObuffer: 10 samples
RAM: 10 samples
ROM: 10 samples
accu: 10 samples
adder_16bit: 10 samples
adder_32bit: 10 samples
adder_8bit: 10 samples
adder_bcd: 10 samples
adder_pipe_64bit: 10 samples
alu: 10 samples
barrel_shifter: 10 samples
calendar: 10 samples
comparator_3bit: 10 samples
comparator_4bit: 10 samples
counter_12: 10 samples
div_16bit: 10 samples
edge_detect: 10 samples
fixed_point_adder: 10 samples
fixed_point_substractor: 10 samples
float_multi: 10 samples
freq_div: 10 samples
freq_divbyeven: 10 samples
freq_divbyfrac: 10 samples
freq_divbyodd: 10 samples
fsm: 10 samples
instr_reg: 10 samples
multi_16bit: 10 samples
multi_8bit: 10 samples
multi_booth_8bit: 10 samples
multi_pipe_4bit: 10 samples
multi_pipe_8bit: 10 samples
parallel2serial: 10 samples
pe: 10 samples
pulse_detect: 10 samples
right_shifter: 10 samples
sequence_detector: 10 samples
serial2parallel: 10 samples
signal_generator: 10 samples
square_wave: 10 samples
sub_64bit: 10 samples
synchronizer: 10 samples
traffic_light: 10 samples
up_down_counter: 10 samples
width_8to16: 10 samples
